// Jest Snapshot v1, https://goo.gl/fbAQLP

exports[`SearchForm should match the snapshot 1`] = `
<header>
  <h1>
    What's New?
  </h1>
  <input
    name="search"
    onChange={[Function]}
    placeholder="Search"
    type="text"
    value=""
  />
  <button
    onClick={[Function]}
  >
    Search News
  </button>
</header>
`;
